// Jest Snapshot v1, https://goo.gl/fbAQLP

exports[`<FormPasswordInput /> renders correctly 1`] = `
<View
  style={
    Object {
      "width": "100%",
    }
  }
>
  <Text
    style={
      Object {
        "color": "black",
        "fontFamily": "Signika-Regular",
        "fontSize": 18,
      }
    }
  >
    Password
  </Text>
  <TextInput
    allowFontScaling={true}
    autoCapitalize="none"
    autoCompleteType="password"
    autoCorrect={false}
    onBlur={[Function]}
    onChangeText={[Function]}
    placeholder="Enter your password"
    placeholderTextColor="#F4F4F4"
    rejectResponderTermination={true}
    secureTextEntry={true}
    style={
      Object {
        "backgroundColor": "#F4F4F4",
        "borderRadius": 8,
        "color": "#666666",
        "fontFamily": "Signika-Regular",
        "fontSize": 16,
        "marginTop": 8,
        "paddingHorizontal": 24,
        "paddingVertical": 24,
      }
    }
    underlineColorAndroid="transparent"
  />
</View>
`;
